// Jest Snapshot v1, https://goo.gl/fbAQLP

exports[`component renders 1`] = `
<div
  id="summary-modal-root"
>
  <div
    className="w-80 p-4"
  >
    <h2
      className="text-xl font-bold mb-4"
    >
      Text Summarizer Options
    </h2>
    <input
      className="flex h-8 bg-background text-sm ring-offset-background file:border-0 file:bg-transparent file:text-sm file:font-medium placeholder:text-muted-foreground focus-visible:outline-none focus-visible:ring-2 focus-visible:ring-ring focus-visible:ring-offset-2 disabled:cursor-not-allowed disabled:opacity-50 w-full p-2 mb-4 border border-gray-300 rounded"
      onChange={[Function]}
      placeholder="Enter your OpenAI API key"
      type="text"
      value=""
    />
    <button
      className="inline-flex items-center justify-center text-sm font-medium ring-offset-background focus-visible:outline-none focus-visible:ring-2 focus-visible:ring-ring focus-visible:ring-offset-2 disabled:pointer-events-none disabled:opacity-50 h-10 w-full bg-blue-500 text-white py-2 px-4 rounded hover:bg-blue-600 transition duration-200"
      onClick={[Function]}
    >
      Save
    </button>
  </div>
</div>
`;
